// Jest Snapshot v1, https://goo.gl/fbAQLP

exports[`ホームページ 1`] = `
<div>
  <div
    class="css-1ml9zdm"
  >
    <h2
      class="chakra-heading css-gow9n2"
    >
      Sunset Time Notify
    </h2>
    <div
      class="css-17xejub"
    />
    <div
      class="chakra-stack css-1725c0t"
    >
      <div
        class="css-0"
      >
        <p
          class="chakra-text css-0"
        >
          About
        </p>
      </div>
      <div
        class="css-0"
      >
        <p
          class="chakra-text css-0"
        >
          Contact
        </p>
      </div>
    </div>
  </div>
  <main
    class="chakra-container css-1t9qy6v"
  >
    <div
      class="css-1i5b0yu"
    >
      <div
        class="css-n75q0x"
      >
        <img
          class="chakra-image css-11bwpil"
          src="/Map.png"
        />
      </div>
      <div
        class="chakra-stack css-3wimba"
      >
        <input
          class="chakra-input css-1vg4urz"
          placeholder="値を入力"
          value=""
        />
        <p
          class="chakra-text css-0"
        >
          フォームの値:
          
        </p>
        <div
          class="chakra-select__wrapper css-42b2qy"
        >
          <select
            class="chakra-select css-1d4aewh"
          >
            <option
              value="0"
            >
              北海道
            </option>
            <option
              value="1"
            >
              青森県
            </option>
            <option
              value="2"
            >
              岩手県
            </option>
            <option
              value="3"
            >
              宮城県
            </option>
            <option
              value="4"
            >
              秋田県
            </option>
            <option
              value="5"
            >
              山形県
            </option>
            <option
              value="6"
            >
              福島県
            </option>
            <option
              value="7"
            >
              茨城県
            </option>
            <option
              value="8"
            >
              栃木県
            </option>
            <option
              value="9"
            >
              群馬県
            </option>
            <option
              value="10"
            >
              埼玉県
            </option>
            <option
              value="11"
            >
              千葉県
            </option>
            <option
              value="12"
            >
              東京都
            </option>
            <option
              value="13"
            >
              神奈川県
            </option>
            <option
              value="14"
            >
              新潟県
            </option>
            <option
              value="15"
            >
              富山県
            </option>
            <option
              value="16"
            >
              石川県
            </option>
            <option
              value="17"
            >
              福井県
            </option>
            <option
              value="18"
            >
              山梨県
            </option>
            <option
              value="19"
            >
              長野県
            </option>
            <option
              value="20"
            >
              岐阜県
            </option>
            <option
              value="21"
            >
              静岡県
            </option>
            <option
              value="22"
            >
              愛知県
            </option>
            <option
              value="23"
            >
              三重県
            </option>
            <option
              value="24"
            >
              滋賀県
            </option>
            <option
              value="25"
            >
              京都府
            </option>
            <option
              value="26"
            >
              大阪府
            </option>
            <option
              value="27"
            >
              兵庫県
            </option>
            <option
              value="28"
            >
              奈良県
            </option>
            <option
              value="29"
            >
              和歌山県
            </option>
            <option
              value="30"
            >
              鳥取県
            </option>
            <option
              value="31"
            >
              島根県
            </option>
            <option
              value="32"
            >
              岡山県
            </option>
            <option
              value="33"
            >
              広島県
            </option>
            <option
              value="34"
            >
              山口県
            </option>
            <option
              value="35"
            >
              徳島県
            </option>
            <option
              value="36"
            >
              香川県
            </option>
            <option
              value="37"
            >
              愛媛県
            </option>
            <option
              value="38"
            >
              高知県
            </option>
            <option
              value="39"
            >
              福岡県
            </option>
            <option
              value="40"
            >
              佐賀県
            </option>
            <option
              value="41"
            >
              長崎県
            </option>
            <option
              value="42"
            >
              熊本県
            </option>
            <option
              value="43"
            >
              大分県
            </option>
            <option
              value="44"
            >
              宮崎県
            </option>
            <option
              value="45"
            >
              鹿児島県
            </option>
            <option
              value="46"
            >
              沖縄県
            </option>
          </select>
          <div
            class="chakra-select__icon-wrapper css-zj2dqk"
          >
            <svg
              aria-hidden="true"
              class="chakra-select__icon"
              focusable="false"
              role="presentation"
              style="width: 1em; height: 1em; color: currentColor;"
              viewBox="0 0 24 24"
            >
              <path
                d="M16.59 8.59L12 13.17 7.41 8.59 6 10l6 6 6-6z"
                fill="currentColor"
              />
            </svg>
          </div>
        </div>
        <p
          class="chakra-text css-0"
        >
          県庁所在地:
          北海道札幌市中央区北3条西6丁目
        </p>
        <p
          class="chakra-text css-0"
        >
          緯度:
          43.064301
        </p>
        <p
          class="chakra-text css-0"
        >
          経度:
          141.346874
        </p>
      </div>
    </div>
  </main>
  <div
    class="css-1sv1sar"
  >
    <h2
      class="chakra-heading css-fqf5a4"
    >
      © 2021 y4shiro.
    </h2>
  </div>
</div>
`;
